.venv\Scripts\python.exe : * Creating isolated environment: venv+pip...
At line:1 char:1
+ .venv\Scripts\python.exe -m build 2>&1 > build_output.txt; echo "EXIT ...
+ ~~~~~~~~~~~~~~~~~~~~~~~~~~~~~~~~~~~~~~~~~~~~~~~~~~~~~~~~~
    + CategoryInfo          : NotSpecified: (* Creating isol...nt: venv+pip... 
   :String) [], RemoteException
    + FullyQualifiedErrorId : NativeCommandError
 
* Installing packages in isolated environment:
  - setuptools>=68.0
  - wheel
* Getting build dependencies for sdist...
C:\Users\madha\AppData\Local\Temp\build-env-pfbxix8a\Lib\site-packages\setuptoo
ls\config\_apply_pyprojecttoml.py:82: SetuptoolsDeprecationWarning: 
`project.license` as a TOML table is deprecated
!!

        ***********************************************************************
*********
        Please use a simple string containing a SPDX expression for 
`project.license`. You can also use `project.license-files`. (Both options 
available on setuptools>=77.0.0).

        By 2027-Feb-18, you need to update your project and remove deprecated 
calls
        or your builds will no longer be supported.

        See 
https://packaging.python.org/en/latest/guides/writing-pyproject-toml/#license 
for details.
        ***********************************************************************
*********

!!
  corresp(dist, value, root_dir)
C:\Users\madha\AppData\Local\Temp\build-env-pfbxix8a\Lib\site-packages\setuptoo
ls\config\_apply_pyprojecttoml.py:61: SetuptoolsDeprecationWarning: License 
classifiers are deprecated.
!!

        ***********************************************************************
*********
        Please consider removing the following classifiers in favor of a SPDX 
license expression:

        License :: OSI Approved :: MIT License

        See 
https://packaging.python.org/en/latest/guides/writing-pyproject-toml/#license 
for details.
        ***********************************************************************
*********

!!
  dist._finalize_license_expression()
C:\Users\madha\AppData\Local\Temp\build-env-pfbxix8a\Lib\site-packages\setuptoo
ls\dist.py:765: SetuptoolsDeprecationWarning: License classifiers are 
deprecated.
!!

        ***********************************************************************
*********
        Please consider removing the following classifiers in favor of a SPDX 
license expression:

        License :: OSI Approved :: MIT License

        See 
https://packaging.python.org/en/latest/guides/writing-pyproject-toml/#license 
for details.
        ***********************************************************************
*********

!!
  self._finalize_license_expression()
running egg_info
writing src\stmtforge.egg-info\PKG-INFO
writing dependency_links to src\stmtforge.egg-info\dependency_links.txt
writing entry points to src\stmtforge.egg-info\entry_points.txt
writing requirements to src\stmtforge.egg-info\requires.txt
writing top-level names to src\stmtforge.egg-info\top_level.txt
reading manifest file 'src\stmtforge.egg-info\SOURCES.txt'
reading manifest template 'MANIFEST.in'
warning: no files found matching '*.png' under directory 'images'
warning: no files found matching '*.jpg' under directory 'images'
warning: no files found matching '*.webp' under directory 'images'
warning: no previously-included files found matching '.env'
warning: no previously-included files found matching '.env.example'
warning: no previously-included files found matching 'config.yaml'
warning: no previously-included files found matching 'credentials.json'
warning: no previously-included files found matching 'token.json'
warning: no previously-included files found matching 'pytest.ini'
no previously-included directories found matching 'data'
no previously-included directories found matching '.github'
no previously-included directories found matching 'deploy'
no previously-included directories found matching 'scripts'
no previously-included directories found matching 'social_posts'
adding license file 'LICENSE'
writing manifest file 'src\stmtforge.egg-info\SOURCES.txt'
* Building sdist...
C:\Users\madha\AppData\Local\Temp\build-env-pfbxix8a\Lib\site-packages\setuptoo
ls\config\_apply_pyprojecttoml.py:82: SetuptoolsDeprecationWarning: 
`project.license` as a TOML table is deprecated
!!

        ***********************************************************************
*********
        Please use a simple string containing a SPDX expression for 
`project.license`. You can also use `project.license-files`. (Both options 
available on setuptools>=77.0.0).

        By 2027-Feb-18, you need to update your project and remove deprecated 
calls
        or your builds will no longer be supported.

        See 
https://packaging.python.org/en/latest/guides/writing-pyproject-toml/#license 
for details.
        ***********************************************************************
*********

!!
  corresp(dist, value, root_dir)
C:\Users\madha\AppData\Local\Temp\build-env-pfbxix8a\Lib\site-packages\setuptoo
ls\config\_apply_pyprojecttoml.py:61: SetuptoolsDeprecationWarning: License 
classifiers are deprecated.
!!

        ***********************************************************************
*********
        Please consider removing the following classifiers in favor of a SPDX 
license expression:

        License :: OSI Approved :: MIT License

        See 
https://packaging.python.org/en/latest/guides/writing-pyproject-toml/#license 
for details.
        ***********************************************************************
*********

!!
  dist._finalize_license_expression()
C:\Users\madha\AppData\Local\Temp\build-env-pfbxix8a\Lib\site-packages\setuptoo
ls\dist.py:765: SetuptoolsDeprecationWarning: License classifiers are 
deprecated.
!!

        ***********************************************************************
*********
        Please consider removing the following classifiers in favor of a SPDX 
license expression:

        License :: OSI Approved :: MIT License

        See 
https://packaging.python.org/en/latest/guides/writing-pyproject-toml/#license 
for details.
        ***********************************************************************
*********

!!
  self._finalize_license_expression()
running sdist
running egg_info
writing src\stmtforge.egg-info\PKG-INFO
writing dependency_links to src\stmtforge.egg-info\dependency_links.txt
writing entry points to src\stmtforge.egg-info\entry_points.txt
writing requirements to src\stmtforge.egg-info\requires.txt
writing top-level names to src\stmtforge.egg-info\top_level.txt
reading manifest file 'src\stmtforge.egg-info\SOURCES.txt'
reading manifest template 'MANIFEST.in'
warning: no files found matching '*.png' under directory 'images'
warning: no files found matching '*.jpg' under directory 'images'
warning: no files found matching '*.webp' under directory 'images'
warning: no previously-included files found matching '.env'
warning: no previously-included files found matching '.env.example'
warning: no previously-included files found matching 'config.yaml'
warning: no previously-included files found matching 'credentials.json'
warning: no previously-included files found matching 'token.json'
warning: no previously-included files found matching 'pytest.ini'
no previously-included directories found matching 'data'
no previously-included directories found matching '.github'
no previously-included directories found matching 'deploy'
no previously-included directories found matching 'scripts'
no previously-included directories found matching 'social_posts'
adding license file 'LICENSE'
writing manifest file 'src\stmtforge.egg-info\SOURCES.txt'
running check
creating stmtforge-0.1.2
creating stmtforge-0.1.2\assets
creating stmtforge-0.1.2\assets\images
creating stmtforge-0.1.2\src\stmtforge
creating stmtforge-0.1.2\src\stmtforge.egg-info
creating stmtforge-0.1.2\src\stmtforge\dashboard
creating stmtforge-0.1.2\src\stmtforge\database
creating stmtforge-0.1.2\src\stmtforge\extractor
creating stmtforge-0.1.2\src\stmtforge\gmail
creating stmtforge-0.1.2\src\stmtforge\llm
creating stmtforge-0.1.2\src\stmtforge\parsers
creating stmtforge-0.1.2\src\stmtforge\pdf_processing
creating stmtforge-0.1.2\src\stmtforge\scripts
creating stmtforge-0.1.2\src\stmtforge\utils
creating stmtforge-0.1.2\src\stmtforge\validator
copying files to stmtforge-0.1.2...
copying LICENSE -> stmtforge-0.1.2
copying MANIFEST.in -> stmtforge-0.1.2
copying README.md -> stmtforge-0.1.2
copying pyproject.toml -> stmtforge-0.1.2
copying assets\banner.svg -> stmtforge-0.1.2\assets
copying assets\logo.svg -> stmtforge-0.1.2\assets
copying assets\images\check_kpi.png -> stmtforge-0.1.2\assets\images
copying assets\images\check_merchants.png -> stmtforge-0.1.2\assets\images
copying assets\images\check_txn.png -> stmtforge-0.1.2\assets\images
copying assets\images\dashboard.png -> stmtforge-0.1.2\assets\images
copying assets\images\dashboard_4k.png -> stmtforge-0.1.2\assets\images
copying assets\images\dashboard_blurred_raw.png -> stmtforge-0.1.2\assets\images
copying assets\images\precise_category_pie.png -> stmtforge-0.1.2\assets\images
copying assets\images\precise_drilldown2.png -> stmtforge-0.1.2\assets\images
copying assets\images\precise_drilldown_full.png -> stmtforge-0.1.2\assets\images
copying assets\images\precise_heatmap2.png -> stmtforge-0.1.2\assets\images
copying assets\images\precise_heatmap_full.png -> stmtforge-0.1.2\assets\images
copying assets\images\precise_kpi_full.png -> stmtforge-0.1.2\assets\images
copying assets\images\precise_kpi_row.png -> stmtforge-0.1.2\assets\images
copying assets\images\precise_merchants2.png -> stmtforge-0.1.2\assets\images
copying assets\images\precise_merchants_full.png -> stmtforge-0.1.2\assets\images
copying assets\images\precise_sidebar_cards.png -> stmtforge-0.1.2\assets\images
copying assets\images\precise_spendbycard.png -> stmtforge-0.1.2\assets\images
copying assets\images\precise_spendcard2.png -> stmtforge-0.1.2\assets\images
copying assets\images\precise_trend_yaxis.png -> stmtforge-0.1.2\assets\images
copying assets\images\precise_trendchart.png -> stmtforge-0.1.2\assets\images
copying assets\images\precise_txn2.png -> stmtforge-0.1.2\assets\images
copying assets\images\precise_txntable_full.png -> stmtforge-0.1.2\assets\images
copying assets\images\row_y0.06.png -> stmtforge-0.1.2\assets\images
copying assets\images\row_y0.1.png -> stmtforge-0.1.2\assets\images
copying assets\images\row_y0.14.png -> stmtforge-0.1.2\assets\images
copying assets\images\row_y0.18.png -> stmtforge-0.1.2\assets\images
copying assets\images\row_y0.22.png -> stmtforge-0.1.2\assets\images
copying assets\images\row_y0.26.png -> stmtforge-0.1.2\assets\images
copying assets\images\slice_bottom.png -> stmtforge-0.1.2\assets\images
copying assets\images\slice_bottom_half.png -> stmtforge-0.1.2\assets\images
copying assets\images\slice_charts1.png -> stmtforge-0.1.2\assets\images
copying assets\images\slice_charts2.png -> stmtforge-0.1.2\assets\images
copying assets\images\slice_drilldown.png -> stmtforge-0.1.2\assets\images
copying assets\images\slice_full_bottom.png -> stmtforge-0.1.2\assets\images
copying assets\images\slice_heatmap.png -> stmtforge-0.1.2\assets\images
copying assets\images\slice_kpi.png -> stmtforge-0.1.2\assets\images
copying assets\images\slice_kpi2.png -> stmtforge-0.1.2\assets\images
copying assets\images\slice_merchants.png -> stmtforge-0.1.2\assets\images
copying assets\images\slice_sidebar.png -> stmtforge-0.1.2\assets\images
copying assets\images\slice_sidebar_bottom.png -> stmtforge-0.1.2\assets\images
copying assets\images\slice_top.png -> stmtforge-0.1.2\assets\images
copying assets\images\slice_top_half.png -> stmtforge-0.1.2\assets\images
copying assets\images\slice_txntable.png -> stmtforge-0.1.2\assets\images
copying assets\images\slice_txntable2.png -> stmtforge-0.1.2\assets\images
copying src\stmtforge\__init__.py -> stmtforge-0.1.2\src\stmtforge
copying src\stmtforge\cli.py -> stmtforge-0.1.2\src\stmtforge
copying src\stmtforge\config_template.yaml -> stmtforge-0.1.2\src\stmtforge
copying src\stmtforge\hybrid_pipeline.py -> stmtforge-0.1.2\src\stmtforge
copying src\stmtforge\run_pipeline.py -> stmtforge-0.1.2\src\stmtforge
copying src\stmtforge.egg-info\PKG-INFO -> stmtforge-0.1.2\src\stmtforge.egg-info
copying src\stmtforge.egg-info\SOURCES.txt -> stmtforge-0.1.2\src\stmtforge.egg-info
copying src\stmtforge.egg-info\dependency_links.txt -> stmtforge-0.1.2\src\stmtforge.egg-info
copying src\stmtforge.egg-info\entry_points.txt -> stmtforge-0.1.2\src\stmtforge.egg-info
copying src\stmtforge.egg-info\requires.txt -> stmtforge-0.1.2\src\stmtforge.egg-info
copying src\stmtforge.egg-info\top_level.txt -> stmtforge-0.1.2\src\stmtforge.egg-info
copying src\stmtforge\dashboard\__init__.py -> stmtforge-0.1.2\src\stmtforge\dashboard
copying src\stmtforge\dashboard\app.py -> stmtforge-0.1.2\src\stmtforge\dashboard
copying src\stmtforge\database\__init__.py -> stmtforge-0.1.2\src\stmtforge\database
copying src\stmtforge\database\db.py -> stmtforge-0.1.2\src\stmtforge\database
copying src\stmtforge\extractor\__init__.py -> stmtforge-0.1.2\src\stmtforge\extractor
copying src\stmtforge\extractor\core.py -> stmtforge-0.1.2\src\stmtforge\extractor
copying src\stmtforge\gmail\__init__.py -> stmtforge-0.1.2\src\stmtforge\gmail
copying src\stmtforge\gmail\auth.py -> stmtforge-0.1.2\src\stmtforge\gmail
copying src\stmtforge\gmail\fetcher.py -> stmtforge-0.1.2\src\stmtforge\gmail
copying src\stmtforge\llm\__init__.py -> stmtforge-0.1.2\src\stmtforge\llm
copying src\stmtforge\llm\client.py -> stmtforge-0.1.2\src\stmtforge\llm
copying src\stmtforge\llm\prompts.py -> stmtforge-0.1.2\src\stmtforge\llm
copying src\stmtforge\parsers\__init__.py -> stmtforge-0.1.2\src\stmtforge\parsers
copying src\stmtforge\parsers\axis_parser.py -> stmtforge-0.1.2\src\stmtforge\parsers
copying src\stmtforge\parsers\base_parser.py -> stmtforge-0.1.2\src\stmtforge\parsers
copying src\stmtforge\parsers\categorizer.py -> stmtforge-0.1.2\src\stmtforge\parsers
copying src\stmtforge\parsers\csb_parser.py -> stmtforge-0.1.2\src\stmtforge\parsers
copying src\stmtforge\parsers\federal_parser.py -> stmtforge-0.1.2\src\stmtforge\parsers
copying src\stmtforge\parsers\generic_parser.py -> stmtforge-0.1.2\src\stmtforge\parsers
copying src\stmtforge\parsers\hdfc_parser.py -> stmtforge-0.1.2\src\stmtforge\parsers
copying src\stmtforge\parsers\icici_parser.py -> stmtforge-0.1.2\src\stmtforge\parsers
copying src\stmtforge\parsers\idfc_first_parser.py -> stmtforge-0.1.2\src\stmtforge\parsers
copying src\stmtforge\parsers\kotak_parser.py -> stmtforge-0.1.2\src\stmtforge\parsers
copying src\stmtforge\parsers\registry.py -> stmtforge-0.1.2\src\stmtforge\parsers
copying src\stmtforge\parsers\sbi_parser.py -> stmtforge-0.1.2\src\stmtforge\parsers
copying src\stmtforge\parsers\yes_parser.py -> stmtforge-0.1.2\src\stmtforge\parsers
copying src\stmtforge\pdf_processing\__init__.py -> stmtforge-0.1.2\src\stmtforge\pdf_processing
copying src\stmtforge\pdf_processing\extractor.py -> stmtforge-0.1.2\src\stmtforge\pdf_processing
copying src\stmtforge\pdf_processing\unlocker.py -> stmtforge-0.1.2\src\stmtforge\pdf_processing
copying src\stmtforge\scripts\check_cards.py -> stmtforge-0.1.2\src\stmtforge\scripts
copying src\stmtforge\scripts\fix_card_names.py -> stmtforge-0.1.2\src\stmtforge\scripts
copying src\stmtforge\utils\__init__.py -> stmtforge-0.1.2\src\stmtforge\utils
copying src\stmtforge\utils\config.py -> stmtforge-0.1.2\src\stmtforge\utils
copying src\stmtforge\utils\hashing.py -> stmtforge-0.1.2\src\stmtforge\utils
copying src\stmtforge\utils\logging_config.py -> stmtforge-0.1.2\src\stmtforge\utils
copying src\stmtforge\utils\privacy_logging.py -> stmtforge-0.1.2\src\stmtforge\utils
copying src\stmtforge\utils\run_logger.py -> stmtforge-0.1.2\src\stmtforge\utils
copying src\stmtforge\utils\scope_filter.py -> stmtforge-0.1.2\src\stmtforge\utils
copying src\stmtforge\validator\__init__.py -> stmtforge-0.1.2\src\stmtforge\validator
copying src\stmtforge\validator\transaction_validator.py -> stmtforge-0.1.2\src\stmtforge\validator
copying src\stmtforge.egg-info\SOURCES.txt -> stmtforge-0.1.2\src\stmtforge.egg-info
Writing stmtforge-0.1.2\setup.cfg
Creating tar archive
removing 'stmtforge-0.1.2' (and everything under it)
* Building wheel from sdist
* Creating isolated environment: venv+pip...
* Installing packages in isolated environment:
  - setuptools>=68.0
  - wheel
* Getting build dependencies for wheel...
C:\Users\madha\AppData\Local\Temp\build-env-fprchbeh\Lib\site-packages\setuptoo
ls\config\_apply_pyprojecttoml.py:82: SetuptoolsDeprecationWarning: 
`project.license` as a TOML table is deprecated
!!

        ***********************************************************************
*********
        Please use a simple string containing a SPDX expression for 
`project.license`. You can also use `project.license-files`. (Both options 
available on setuptools>=77.0.0).

        By 2027-Feb-18, you need to update your project and remove deprecated 
calls
        or your builds will no longer be supported.

        See 
https://packaging.python.org/en/latest/guides/writing-pyproject-toml/#license 
for details.
        ***********************************************************************
*********

!!
  corresp(dist, value, root_dir)
C:\Users\madha\AppData\Local\Temp\build-env-fprchbeh\Lib\site-packages\setuptoo
ls\config\_apply_pyprojecttoml.py:61: SetuptoolsDeprecationWarning: License 
classifiers are deprecated.
!!

        ***********************************************************************
*********
        Please consider removing the following classifiers in favor of a SPDX 
license expression:

        License :: OSI Approved :: MIT License

        See 
https://packaging.python.org/en/latest/guides/writing-pyproject-toml/#license 
for details.
        ***********************************************************************
*********

!!
  dist._finalize_license_expression()
C:\Users\madha\AppData\Local\Temp\build-env-fprchbeh\Lib\site-packages\setuptoo
ls\dist.py:765: SetuptoolsDeprecationWarning: License classifiers are 
deprecated.
!!

        ***********************************************************************
*********
        Please consider removing the following classifiers in favor of a SPDX 
license expression:

        License :: OSI Approved :: MIT License

        See 
https://packaging.python.org/en/latest/guides/writing-pyproject-toml/#license 
for details.
        ***********************************************************************
*********

!!
  self._finalize_license_expression()
running egg_info
writing src\stmtforge.egg-info\PKG-INFO
writing dependency_links to src\stmtforge.egg-info\dependency_links.txt
writing entry points to src\stmtforge.egg-info\entry_points.txt
writing requirements to src\stmtforge.egg-info\requires.txt
writing top-level names to src\stmtforge.egg-info\top_level.txt
reading manifest file 'src\stmtforge.egg-info\SOURCES.txt'
reading manifest template 'MANIFEST.in'
warning: no files found matching '*.png' under directory 'images'
warning: no files found matching '*.jpg' under directory 'images'
warning: no files found matching '*.webp' under directory 'images'
warning: no previously-included files found matching '.env'
warning: no previously-included files found matching '.env.example'
warning: no previously-included files found matching 'config.yaml'
warning: no previously-included files found matching 'credentials.json'
warning: no previously-included files found matching 'token.json'
warning: no previously-included files found matching 'pytest.ini'
no previously-included directories found matching 'data'
no previously-included directories found matching 'tests'
no previously-included directories found matching '.github'
no previously-included directories found matching 'deploy'
no previously-included directories found matching 'scripts'
no previously-included directories found matching 'social_posts'
adding license file 'LICENSE'
writing manifest file 'src\stmtforge.egg-info\SOURCES.txt'
* Building wheel...
C:\Users\madha\AppData\Local\Temp\build-env-fprchbeh\Lib\site-packages\setuptoo
ls\config\_apply_pyprojecttoml.py:82: SetuptoolsDeprecationWarning: 
`project.license` as a TOML table is deprecated
!!

        ***********************************************************************
*********
        Please use a simple string containing a SPDX expression for 
`project.license`. You can also use `project.license-files`. (Both options 
available on setuptools>=77.0.0).

        By 2027-Feb-18, you need to update your project and remove deprecated 
calls
        or your builds will no longer be supported.

        See 
https://packaging.python.org/en/latest/guides/writing-pyproject-toml/#license 
for details.
        ***********************************************************************
*********

!!
  corresp(dist, value, root_dir)
C:\Users\madha\AppData\Local\Temp\build-env-fprchbeh\Lib\site-packages\setuptoo
ls\config\_apply_pyprojecttoml.py:61: SetuptoolsDeprecationWarning: License 
classifiers are deprecated.
!!

        ***********************************************************************
*********
        Please consider removing the following classifiers in favor of a SPDX 
license expression:

        License :: OSI Approved :: MIT License

        See 
https://packaging.python.org/en/latest/guides/writing-pyproject-toml/#license 
for details.
        ***********************************************************************
*********

!!
  dist._finalize_license_expression()
C:\Users\madha\AppData\Local\Temp\build-env-fprchbeh\Lib\site-packages\setuptoo
ls\dist.py:765: SetuptoolsDeprecationWarning: License classifiers are 
deprecated.
!!

        ***********************************************************************
*********
        Please consider removing the following classifiers in favor of a SPDX 
license expression:

        License :: OSI Approved :: MIT License

        See 
https://packaging.python.org/en/latest/guides/writing-pyproject-toml/#license 
for details.
        ***********************************************************************
*********

!!
  self._finalize_license_expression()
running bdist_wheel
running build
running build_py
creating build\lib\stmtforge
copying src\stmtforge\cli.py -> build\lib\stmtforge
copying src\stmtforge\hybrid_pipeline.py -> build\lib\stmtforge
copying src\stmtforge\run_pipeline.py -> build\lib\stmtforge
copying src\stmtforge\__init__.py -> build\lib\stmtforge
creating build\lib\stmtforge\dashboard
copying src\stmtforge\dashboard\app.py -> build\lib\stmtforge\dashboard
copying src\stmtforge\dashboard\__init__.py -> build\lib\stmtforge\dashboard
creating build\lib\stmtforge\database
copying src\stmtforge\database\db.py -> build\lib\stmtforge\database
copying src\stmtforge\database\__init__.py -> build\lib\stmtforge\database
creating build\lib\stmtforge\extractor
copying src\stmtforge\extractor\core.py -> build\lib\stmtforge\extractor
copying src\stmtforge\extractor\__init__.py -> build\lib\stmtforge\extractor
creating build\lib\stmtforge\gmail
copying src\stmtforge\gmail\auth.py -> build\lib\stmtforge\gmail
copying src\stmtforge\gmail\fetcher.py -> build\lib\stmtforge\gmail
copying src\stmtforge\gmail\__init__.py -> build\lib\stmtforge\gmail
creating build\lib\stmtforge\llm
copying src\stmtforge\llm\client.py -> build\lib\stmtforge\llm
copying src\stmtforge\llm\prompts.py -> build\lib\stmtforge\llm
copying src\stmtforge\llm\__init__.py -> build\lib\stmtforge\llm
creating build\lib\stmtforge\parsers
copying src\stmtforge\parsers\axis_parser.py -> build\lib\stmtforge\parsers
copying src\stmtforge\parsers\base_parser.py -> build\lib\stmtforge\parsers
copying src\stmtforge\parsers\categorizer.py -> build\lib\stmtforge\parsers
copying src\stmtforge\parsers\csb_parser.py -> build\lib\stmtforge\parsers
copying src\stmtforge\parsers\federal_parser.py -> build\lib\stmtforge\parsers
copying src\stmtforge\parsers\generic_parser.py -> build\lib\stmtforge\parsers
copying src\stmtforge\parsers\hdfc_parser.py -> build\lib\stmtforge\parsers
copying src\stmtforge\parsers\icici_parser.py -> build\lib\stmtforge\parsers
copying src\stmtforge\parsers\idfc_first_parser.py -> build\lib\stmtforge\parsers
copying src\stmtforge\parsers\kotak_parser.py -> build\lib\stmtforge\parsers
copying src\stmtforge\parsers\registry.py -> build\lib\stmtforge\parsers
copying src\stmtforge\parsers\sbi_parser.py -> build\lib\stmtforge\parsers
copying src\stmtforge\parsers\yes_parser.py -> build\lib\stmtforge\parsers
copying src\stmtforge\parsers\__init__.py -> build\lib\stmtforge\parsers
creating build\lib\stmtforge\pdf_processing
copying src\stmtforge\pdf_processing\extractor.py -> build\lib\stmtforge\pdf_processing
copying src\stmtforge\pdf_processing\unlocker.py -> build\lib\stmtforge\pdf_processing
copying src\stmtforge\pdf_processing\__init__.py -> build\lib\stmtforge\pdf_processing
creating build\lib\stmtforge\scripts
copying src\stmtforge\scripts\check_cards.py -> build\lib\stmtforge\scripts
copying src\stmtforge\scripts\fix_card_names.py -> build\lib\stmtforge\scripts
creating build\lib\stmtforge\utils
copying src\stmtforge\utils\config.py -> build\lib\stmtforge\utils
copying src\stmtforge\utils\hashing.py -> build\lib\stmtforge\utils
copying src\stmtforge\utils\logging_config.py -> build\lib\stmtforge\utils
copying src\stmtforge\utils\privacy_logging.py -> build\lib\stmtforge\utils
copying src\stmtforge\utils\run_logger.py -> build\lib\stmtforge\utils
copying src\stmtforge\utils\scope_filter.py -> build\lib\stmtforge\utils
copying src\stmtforge\utils\__init__.py -> build\lib\stmtforge\utils
creating build\lib\stmtforge\validator
copying src\stmtforge\validator\transaction_validator.py -> build\lib\stmtforge\validator
copying src\stmtforge\validator\__init__.py -> build\lib\stmtforge\validator
running egg_info
writing src\stmtforge.egg-info\PKG-INFO
writing dependency_links to src\stmtforge.egg-info\dependency_links.txt
writing entry points to src\stmtforge.egg-info\entry_points.txt
writing requirements to src\stmtforge.egg-info\requires.txt
writing top-level names to src\stmtforge.egg-info\top_level.txt
reading manifest file 'src\stmtforge.egg-info\SOURCES.txt'
reading manifest template 'MANIFEST.in'
warning: no files found matching '*.png' under directory 'images'
warning: no files found matching '*.jpg' under directory 'images'
warning: no files found matching '*.webp' under directory 'images'
warning: no previously-included files found matching '.env'
warning: no previously-included files found matching '.env.example'
warning: no previously-included files found matching 'config.yaml'
warning: no previously-included files found matching 'credentials.json'
warning: no previously-included files found matching 'token.json'
warning: no previously-included files found matching 'pytest.ini'
no previously-included directories found matching 'data'
no previously-included directories found matching 'tests'
no previously-included directories found matching '.github'
no previously-included directories found matching 'deploy'
no previously-included directories found matching 'scripts'
no previously-included directories found matching 'social_posts'
adding license file 'LICENSE'
writing manifest file 'src\stmtforge.egg-info\SOURCES.txt'
copying src\stmtforge\config_template.yaml -> build\lib\stmtforge
installing to build\bdist.win-amd64\wheel
running install
running install_lib
creating build\bdist.win-amd64\wheel
creating build\bdist.win-amd64\wheel\stmtforge
copying build\lib\stmtforge\cli.py -> build\bdist.win-amd64\wheel\.\stmtforge
copying build\lib\stmtforge\config_template.yaml -> build\bdist.win-amd64\wheel\.\stmtforge
creating build\bdist.win-amd64\wheel\stmtforge\dashboard
copying build\lib\stmtforge\dashboard\app.py -> build\bdist.win-amd64\wheel\.\stmtforge\dashboard
copying build\lib\stmtforge\dashboard\__init__.py -> build\bdist.win-amd64\wheel\.\stmtforge\dashboard
creating build\bdist.win-amd64\wheel\stmtforge\database
copying build\lib\stmtforge\database\db.py -> build\bdist.win-amd64\wheel\.\stmtforge\database
copying build\lib\stmtforge\database\__init__.py -> build\bdist.win-amd64\wheel\.\stmtforge\database
creating build\bdist.win-amd64\wheel\stmtforge\extractor
copying build\lib\stmtforge\extractor\core.py -> build\bdist.win-amd64\wheel\.\stmtforge\extractor
copying build\lib\stmtforge\extractor\__init__.py -> build\bdist.win-amd64\wheel\.\stmtforge\extractor
creating build\bdist.win-amd64\wheel\stmtforge\gmail
copying build\lib\stmtforge\gmail\auth.py -> build\bdist.win-amd64\wheel\.\stmtforge\gmail
copying build\lib\stmtforge\gmail\fetcher.py -> build\bdist.win-amd64\wheel\.\stmtforge\gmail
copying build\lib\stmtforge\gmail\__init__.py -> build\bdist.win-amd64\wheel\.\stmtforge\gmail
copying build\lib\stmtforge\hybrid_pipeline.py -> build\bdist.win-amd64\wheel\.\stmtforge
creating build\bdist.win-amd64\wheel\stmtforge\llm
copying build\lib\stmtforge\llm\client.py -> build\bdist.win-amd64\wheel\.\stmtforge\llm
copying build\lib\stmtforge\llm\prompts.py -> build\bdist.win-amd64\wheel\.\stmtforge\llm
copying build\lib\stmtforge\llm\__init__.py -> build\bdist.win-amd64\wheel\.\stmtforge\llm
creating build\bdist.win-amd64\wheel\stmtforge\parsers
copying build\lib\stmtforge\parsers\axis_parser.py -> build\bdist.win-amd64\wheel\.\stmtforge\parsers
copying build\lib\stmtforge\parsers\base_parser.py -> build\bdist.win-amd64\wheel\.\stmtforge\parsers
copying build\lib\stmtforge\parsers\categorizer.py -> build\bdist.win-amd64\wheel\.\stmtforge\parsers
copying build\lib\stmtforge\parsers\csb_parser.py -> build\bdist.win-amd64\wheel\.\stmtforge\parsers
copying build\lib\stmtforge\parsers\federal_parser.py -> build\bdist.win-amd64\wheel\.\stmtforge\parsers
copying build\lib\stmtforge\parsers\generic_parser.py -> build\bdist.win-amd64\wheel\.\stmtforge\parsers
copying build\lib\stmtforge\parsers\hdfc_parser.py -> build\bdist.win-amd64\wheel\.\stmtforge\parsers
copying build\lib\stmtforge\parsers\icici_parser.py -> build\bdist.win-amd64\wheel\.\stmtforge\parsers
copying build\lib\stmtforge\parsers\idfc_first_parser.py -> build\bdist.win-amd64\wheel\.\stmtforge\parsers
copying build\lib\stmtforge\parsers\kotak_parser.py -> build\bdist.win-amd64\wheel\.\stmtforge\parsers
copying build\lib\stmtforge\parsers\registry.py -> build\bdist.win-amd64\wheel\.\stmtforge\parsers
copying build\lib\stmtforge\parsers\sbi_parser.py -> build\bdist.win-amd64\wheel\.\stmtforge\parsers
copying build\lib\stmtforge\parsers\yes_parser.py -> build\bdist.win-amd64\wheel\.\stmtforge\parsers
copying build\lib\stmtforge\parsers\__init__.py -> build\bdist.win-amd64\wheel\.\stmtforge\parsers
creating build\bdist.win-amd64\wheel\stmtforge\pdf_processing
copying build\lib\stmtforge\pdf_processing\extractor.py -> build\bdist.win-amd64\wheel\.\stmtforge\pdf_processing
copying build\lib\stmtforge\pdf_processing\unlocker.py -> build\bdist.win-amd64\wheel\.\stmtforge\pdf_processing
copying build\lib\stmtforge\pdf_processing\__init__.py -> build\bdist.win-amd64\wheel\.\stmtforge\pdf_processing
copying build\lib\stmtforge\run_pipeline.py -> build\bdist.win-amd64\wheel\.\stmtforge
creating build\bdist.win-amd64\wheel\stmtforge\scripts
copying build\lib\stmtforge\scripts\check_cards.py -> build\bdist.win-amd64\wheel\.\stmtforge\scripts
copying build\lib\stmtforge\scripts\fix_card_names.py -> build\bdist.win-amd64\wheel\.\stmtforge\scripts
creating build\bdist.win-amd64\wheel\stmtforge\utils
copying build\lib\stmtforge\utils\config.py -> build\bdist.win-amd64\wheel\.\stmtforge\utils
copying build\lib\stmtforge\utils\hashing.py -> build\bdist.win-amd64\wheel\.\stmtforge\utils
copying build\lib\stmtforge\utils\logging_config.py -> build\bdist.win-amd64\wheel\.\stmtforge\utils
copying build\lib\stmtforge\utils\privacy_logging.py -> build\bdist.win-amd64\wheel\.\stmtforge\utils
copying build\lib\stmtforge\utils\run_logger.py -> build\bdist.win-amd64\wheel\.\stmtforge\utils
copying build\lib\stmtforge\utils\scope_filter.py -> build\bdist.win-amd64\wheel\.\stmtforge\utils
copying build\lib\stmtforge\utils\__init__.py -> build\bdist.win-amd64\wheel\.\stmtforge\utils
creating build\bdist.win-amd64\wheel\stmtforge\validator
copying build\lib\stmtforge\validator\transaction_validator.py -> build\bdist.win-amd64\wheel\.\stmtforge\validator
copying build\lib\stmtforge\validator\__init__.py -> build\bdist.win-amd64\wheel\.\stmtforge\validator
copying build\lib\stmtforge\__init__.py -> build\bdist.win-amd64\wheel\.\stmtforge
running install_egg_info
Copying src\stmtforge.egg-info to build\bdist.win-amd64\wheel\.\stmtforge-0.1.2-py3.11.egg-info
running install_scripts
creating build\bdist.win-amd64\wheel\stmtforge-0.1.2.dist-info\WHEEL
creating 'C:\\Users\\madha\\Documents\\CCAnalyser\\dist\\.tmp-2qrhbuc2\\stmtforge-0.1.2-py3-none-any.whl' and adding 'build\\bdist.win-amd64\\wheel' to it
adding 'stmtforge/__init__.py'
adding 'stmtforge/cli.py'
adding 'stmtforge/config_template.yaml'
adding 'stmtforge/hybrid_pipeline.py'
adding 'stmtforge/run_pipeline.py'
adding 'stmtforge/dashboard/__init__.py'
adding 'stmtforge/dashboard/app.py'
adding 'stmtforge/database/__init__.py'
adding 'stmtforge/database/db.py'
adding 'stmtforge/extractor/__init__.py'
adding 'stmtforge/extractor/core.py'
adding 'stmtforge/gmail/__init__.py'
adding 'stmtforge/gmail/auth.py'
adding 'stmtforge/gmail/fetcher.py'
adding 'stmtforge/llm/__init__.py'
adding 'stmtforge/llm/client.py'
adding 'stmtforge/llm/prompts.py'
adding 'stmtforge/parsers/__init__.py'
adding 'stmtforge/parsers/axis_parser.py'
adding 'stmtforge/parsers/base_parser.py'
adding 'stmtforge/parsers/categorizer.py'
adding 'stmtforge/parsers/csb_parser.py'
adding 'stmtforge/parsers/federal_parser.py'
adding 'stmtforge/parsers/generic_parser.py'
adding 'stmtforge/parsers/hdfc_parser.py'
adding 'stmtforge/parsers/icici_parser.py'
adding 'stmtforge/parsers/idfc_first_parser.py'
adding 'stmtforge/parsers/kotak_parser.py'
adding 'stmtforge/parsers/registry.py'
adding 'stmtforge/parsers/sbi_parser.py'
adding 'stmtforge/parsers/yes_parser.py'
adding 'stmtforge/pdf_processing/__init__.py'
adding 'stmtforge/pdf_processing/extractor.py'
adding 'stmtforge/pdf_processing/unlocker.py'
adding 'stmtforge/scripts/check_cards.py'
adding 'stmtforge/scripts/fix_card_names.py'
adding 'stmtforge/utils/__init__.py'
adding 'stmtforge/utils/config.py'
adding 'stmtforge/utils/hashing.py'
adding 'stmtforge/utils/logging_config.py'
adding 'stmtforge/utils/privacy_logging.py'
adding 'stmtforge/utils/run_logger.py'
adding 'stmtforge/utils/scope_filter.py'
adding 'stmtforge/validator/__init__.py'
adding 'stmtforge/validator/transaction_validator.py'
adding 'stmtforge-0.1.2.dist-info/licenses/LICENSE'
adding 'stmtforge-0.1.2.dist-info/METADATA'
adding 'stmtforge-0.1.2.dist-info/WHEEL'
adding 'stmtforge-0.1.2.dist-info/entry_points.txt'
adding 'stmtforge-0.1.2.dist-info/top_level.txt'
adding 'stmtforge-0.1.2.dist-info/RECORD'
removing build\bdist.win-amd64\wheel
Successfully built stmtforge-0.1.2.tar.gz and stmtforge-0.1.2-py3-none-any.whl
